Archive member included to satisfy reference by file (symbol)

c:/progra~2/gnutoo~1/92019-~1/bin/../lib/gcc/arm-none-eabi/9.2.1/../../../../arm-none-eabi/lib/thumb/v7e-m/nofp\libg.a(lib_a-errno.o)
                              CMakeFiles/BlinkTesting.elf.dir/Src/syscalls.c.obj (__errno)
c:/progra~2/gnutoo~1/92019-~1/bin/../lib/gcc/arm-none-eabi/9.2.1/../../../../arm-none-eabi/lib/thumb/v7e-m/nofp\libg.a(lib_a-exit.o)
                              c:/progra~2/gnutoo~1/92019-~1/bin/../lib/gcc/arm-none-eabi/9.2.1/../../../../arm-none-eabi/lib/thumb/v7e-m/nofp/crt0.o (exit)
c:/progra~2/gnutoo~1/92019-~1/bin/../lib/gcc/arm-none-eabi/9.2.1/../../../../arm-none-eabi/lib/thumb/v7e-m/nofp\libg.a(lib_a-impure.o)
                              c:/progra~2/gnutoo~1/92019-~1/bin/../lib/gcc/arm-none-eabi/9.2.1/../../../../arm-none-eabi/lib/thumb/v7e-m/nofp\libg.a(lib_a-exit.o) (_global_impure_ptr)
c:/progra~2/gnutoo~1/92019-~1/bin/../lib/gcc/arm-none-eabi/9.2.1/../../../../arm-none-eabi/lib/thumb/v7e-m/nofp\libg.a(lib_a-init.o)
                              c:/progra~2/gnutoo~1/92019-~1/bin/../lib/gcc/arm-none-eabi/9.2.1/../../../../arm-none-eabi/lib/thumb/v7e-m/nofp/crt0.o (__libc_init_array)
c:/progra~2/gnutoo~1/92019-~1/bin/../lib/gcc/arm-none-eabi/9.2.1/../../../../arm-none-eabi/lib/thumb/v7e-m/nofp\libg.a(lib_a-memset.o)
                              c:/progra~2/gnutoo~1/92019-~1/bin/../lib/gcc/arm-none-eabi/9.2.1/../../../../arm-none-eabi/lib/thumb/v7e-m/nofp/crt0.o (memset)
c:/progra~2/gnutoo~1/92019-~1/bin/../lib/gcc/arm-none-eabi/9.2.1/../../../../arm-none-eabi/lib/thumb/v7e-m/nofp\libg.a(lib_a-__call_atexit.o)
                              c:/progra~2/gnutoo~1/92019-~1/bin/../lib/gcc/arm-none-eabi/9.2.1/../../../../arm-none-eabi/lib/thumb/v7e-m/nofp\libg.a(lib_a-exit.o) (__call_exitprocs)
c:/progra~2/gnutoo~1/92019-~1/bin/../lib/gcc/arm-none-eabi/9.2.1/../../../../arm-none-eabi/lib/thumb/v7e-m/nofp\libg.a(lib_a-atexit.o)
                              c:/progra~2/gnutoo~1/92019-~1/bin/../lib/gcc/arm-none-eabi/9.2.1/../../../../arm-none-eabi/lib/thumb/v7e-m/nofp\libg.a(lib_a-__call_atexit.o) (atexit)
c:/progra~2/gnutoo~1/92019-~1/bin/../lib/gcc/arm-none-eabi/9.2.1/../../../../arm-none-eabi/lib/thumb/v7e-m/nofp\libg.a(lib_a-fini.o)
                              c:/progra~2/gnutoo~1/92019-~1/bin/../lib/gcc/arm-none-eabi/9.2.1/../../../../arm-none-eabi/lib/thumb/v7e-m/nofp\libg.a(lib_a-__call_atexit.o) (__libc_fini_array)
c:/progra~2/gnutoo~1/92019-~1/bin/../lib/gcc/arm-none-eabi/9.2.1/../../../../arm-none-eabi/lib/thumb/v7e-m/nofp\libg.a(lib_a-lock.o)
                              c:/progra~2/gnutoo~1/92019-~1/bin/../lib/gcc/arm-none-eabi/9.2.1/../../../../arm-none-eabi/lib/thumb/v7e-m/nofp\libg.a(lib_a-__call_atexit.o) (__retarget_lock_acquire_recursive)
c:/progra~2/gnutoo~1/92019-~1/bin/../lib/gcc/arm-none-eabi/9.2.1/../../../../arm-none-eabi/lib/thumb/v7e-m/nofp\libg.a(lib_a-__atexit.o)
                              c:/progra~2/gnutoo~1/92019-~1/bin/../lib/gcc/arm-none-eabi/9.2.1/../../../../arm-none-eabi/lib/thumb/v7e-m/nofp\libg.a(lib_a-atexit.o) (__register_exitproc)

Allocating common symbols
Common symbol       size              file

__lock___atexit_recursive_mutex
                    0x1               c:/progra~2/gnutoo~1/92019-~1/bin/../lib/gcc/arm-none-eabi/9.2.1/../../../../arm-none-eabi/lib/thumb/v7e-m/nofp\libg.a(lib_a-lock.o)
__lock___arc4random_mutex
                    0x1               c:/progra~2/gnutoo~1/92019-~1/bin/../lib/gcc/arm-none-eabi/9.2.1/../../../../arm-none-eabi/lib/thumb/v7e-m/nofp\libg.a(lib_a-lock.o)
__lock___env_recursive_mutex
                    0x1               c:/progra~2/gnutoo~1/92019-~1/bin/../lib/gcc/arm-none-eabi/9.2.1/../../../../arm-none-eabi/lib/thumb/v7e-m/nofp\libg.a(lib_a-lock.o)
__lock___sinit_recursive_mutex
                    0x1               c:/progra~2/gnutoo~1/92019-~1/bin/../lib/gcc/arm-none-eabi/9.2.1/../../../../arm-none-eabi/lib/thumb/v7e-m/nofp\libg.a(lib_a-lock.o)
__lock___malloc_recursive_mutex
                    0x1               c:/progra~2/gnutoo~1/92019-~1/bin/../lib/gcc/arm-none-eabi/9.2.1/../../../../arm-none-eabi/lib/thumb/v7e-m/nofp\libg.a(lib_a-lock.o)
__lock___at_quick_exit_mutex
                    0x1               c:/progra~2/gnutoo~1/92019-~1/bin/../lib/gcc/arm-none-eabi/9.2.1/../../../../arm-none-eabi/lib/thumb/v7e-m/nofp\libg.a(lib_a-lock.o)
__lock___dd_hash_mutex
                    0x1               c:/progra~2/gnutoo~1/92019-~1/bin/../lib/gcc/arm-none-eabi/9.2.1/../../../../arm-none-eabi/lib/thumb/v7e-m/nofp\libg.a(lib_a-lock.o)
__lock___tz_mutex   0x1               c:/progra~2/gnutoo~1/92019-~1/bin/../lib/gcc/arm-none-eabi/9.2.1/../../../../arm-none-eabi/lib/thumb/v7e-m/nofp\libg.a(lib_a-lock.o)
__lock___sfp_recursive_mutex
                    0x1               c:/progra~2/gnutoo~1/92019-~1/bin/../lib/gcc/arm-none-eabi/9.2.1/../../../../arm-none-eabi/lib/thumb/v7e-m/nofp\libg.a(lib_a-lock.o)

Discarded input sections

[...]
Memory Configuration

Name             Origin             Length             Attributes
CCMRAM           0x10000000         0x00001000         xrw
RAM              0x20000000         0x00003000         xrw
FLASH            0x08000000         0x00010000         xr
*default*        0x00000000         0xffffffff

Linker script and memory map

LOAD c:/progra~2/gnutoo~1/92019-~1/bin/../lib/gcc/arm-none-eabi/9.2.1/thumb/v7e-m/nofp/crti.o
LOAD c:/progra~2/gnutoo~1/92019-~1/bin/../lib/gcc/arm-none-eabi/9.2.1/thumb/v7e-m/nofp/crtbegin.o
LOAD c:/progra~2/gnutoo~1/92019-~1/bin/../lib/gcc/arm-none-eabi/9.2.1/../../../../arm-none-eabi/lib/thumb/v7e-m/nofp/crt0.o
LOAD CMakeFiles/BlinkTesting.elf.dir/Drivers/STM32F3xx_HAL_Driver/Src/stm32f3xx_hal.c.obj
LOAD CMakeFiles/BlinkTesting.elf.dir/Drivers/STM32F3xx_HAL_Driver/Src/stm32f3xx_hal_cortex.c.obj
LOAD CMakeFiles/BlinkTesting.elf.dir/Drivers/STM32F3xx_HAL_Driver/Src/stm32f3xx_hal_dma.c.obj
LOAD CMakeFiles/BlinkTesting.elf.dir/Drivers/STM32F3xx_HAL_Driver/Src/stm32f3xx_hal_flash.c.obj
LOAD CMakeFiles/BlinkTesting.elf.dir/Drivers/STM32F3xx_HAL_Driver/Src/stm32f3xx_hal_flash_ex.c.obj
LOAD CMakeFiles/BlinkTesting.elf.dir/Drivers/STM32F3xx_HAL_Driver/Src/stm32f3xx_hal_gpio.c.obj
LOAD CMakeFiles/BlinkTesting.elf.dir/Drivers/STM32F3xx_HAL_Driver/Src/stm32f3xx_hal_i2c.c.obj
LOAD CMakeFiles/BlinkTesting.elf.dir/Drivers/STM32F3xx_HAL_Driver/Src/stm32f3xx_hal_i2c_ex.c.obj
LOAD CMakeFiles/BlinkTesting.elf.dir/Drivers/STM32F3xx_HAL_Driver/Src/stm32f3xx_hal_pwr.c.obj
LOAD CMakeFiles/BlinkTesting.elf.dir/Drivers/STM32F3xx_HAL_Driver/Src/stm32f3xx_hal_pwr_ex.c.obj
LOAD CMakeFiles/BlinkTesting.elf.dir/Drivers/STM32F3xx_HAL_Driver/Src/stm32f3xx_hal_rcc.c.obj
LOAD CMakeFiles/BlinkTesting.elf.dir/Drivers/STM32F3xx_HAL_Driver/Src/stm32f3xx_hal_rcc_ex.c.obj
LOAD CMakeFiles/BlinkTesting.elf.dir/Drivers/STM32F3xx_HAL_Driver/Src/stm32f3xx_hal_tim.c.obj
LOAD CMakeFiles/BlinkTesting.elf.dir/Drivers/STM32F3xx_HAL_Driver/Src/stm32f3xx_hal_tim_ex.c.obj
LOAD CMakeFiles/BlinkTesting.elf.dir/Drivers/STM32F3xx_HAL_Driver/Src/stm32f3xx_hal_uart.c.obj
LOAD CMakeFiles/BlinkTesting.elf.dir/Drivers/STM32F3xx_HAL_Driver/Src/stm32f3xx_hal_uart_ex.c.obj
LOAD CMakeFiles/BlinkTesting.elf.dir/Src/main.c.obj
LOAD CMakeFiles/BlinkTesting.elf.dir/Src/stm32f3xx_hal_msp.c.obj
LOAD CMakeFiles/BlinkTesting.elf.dir/Src/stm32f3xx_it.c.obj
LOAD CMakeFiles/BlinkTesting.elf.dir/Src/syscalls.c.obj
LOAD CMakeFiles/BlinkTesting.elf.dir/Src/sysmem.c.obj
LOAD CMakeFiles/BlinkTesting.elf.dir/Src/system_stm32f3xx.c.obj
LOAD CMakeFiles/BlinkTesting.elf.dir/Startup/startup_stm32f334r8tx.s.obj
START GROUP
LOAD c:/progra~2/gnutoo~1/92019-~1/bin/../lib/gcc/arm-none-eabi/9.2.1/thumb/v7e-m/nofp\libgcc.a
LOAD c:/progra~2/gnutoo~1/92019-~1/bin/../lib/gcc/arm-none-eabi/9.2.1/../../../../arm-none-eabi/lib/thumb/v7e-m/nofp\libg.a
LOAD c:/progra~2/gnutoo~1/92019-~1/bin/../lib/gcc/arm-none-eabi/9.2.1/../../../../arm-none-eabi/lib/thumb/v7e-m/nofp\libc.a
END GROUP
LOAD c:/progra~2/gnutoo~1/92019-~1/bin/../lib/gcc/arm-none-eabi/9.2.1/thumb/v7e-m/nofp/crtend.o
LOAD c:/progra~2/gnutoo~1/92019-~1/bin/../lib/gcc/arm-none-eabi/9.2.1/thumb/v7e-m/nofp/crtn.o
                0x20003000                _estack = 0x20003000
                0x00000200                _Min_Heap_Size = 0x200
                0x00000400                _Min_Stack_Size = 0x400

.isr_vector     0x08000000      0x188
                0x08000000                . = ALIGN (0x4)
 *(.isr_vector)
 .isr_vector    0x08000000      0x188 CMakeFiles/BlinkTesting.elf.dir/Startup/startup_stm32f334r8tx.s.obj
                0x08000000                g_pfnVectors
                0x08000188                . = ALIGN (0x4)

.text           0x08000188     0x26a0
                0x08000188                . = ALIGN (0x4)
 *(.text)
 .text          0x08000188       0x40 c:/progra~2/gnutoo~1/92019-~1/bin/../lib/gcc/arm-none-eabi/9.2.1/thumb/v7e-m/nofp/crtbegin.o
 *(.text*)
 .text.HAL_Init
                0x080001c8       0x2c CMakeFiles/BlinkTesting.elf.dir/Drivers/STM32F3xx_HAL_Driver/Src/stm32f3xx_hal.c.obj
                0x080001c8                HAL_Init
 .text.HAL_InitTick
                0x080001f4       0x60 CMakeFiles/BlinkTesting.elf.dir/Drivers/STM32F3xx_HAL_Driver/Src/stm32f3xx_hal.c.obj
                0x080001f4                HAL_InitTick
 .text.HAL_IncTick
                0x08000254       0x24 CMakeFiles/BlinkTesting.elf.dir/Drivers/STM32F3xx_HAL_Driver/Src/stm32f3xx_hal.c.obj
                0x08000254                HAL_IncTick
 .text.HAL_GetTick
                0x08000278       0x14 CMakeFiles/BlinkTesting.elf.dir/Drivers/STM32F3xx_HAL_Driver/Src/stm32f3xx_hal.c.obj
                0x08000278                HAL_GetTick
 .text.HAL_Delay
                0x0800028c       0x48 CMakeFiles/BlinkTesting.elf.dir/Drivers/STM32F3xx_HAL_Driver/Src/stm32f3xx_hal.c.obj
                0x0800028c                HAL_Delay
 .text.NVIC_SetPriorityGrouping
                0x080002d4       0x48 CMakeFiles/BlinkTesting.elf.dir/Drivers/STM32F3xx_HAL_Driver/Src/stm32f3xx_hal_cortex.c.obj
 .text.NVIC_GetPriorityGrouping
                0x0800031c       0x1c CMakeFiles/BlinkTesting.elf.dir/Drivers/STM32F3xx_HAL_Driver/Src/stm32f3xx_hal_cortex.c.obj
 .text.NVIC_SetPriority
                0x08000338       0x54 CMakeFiles/BlinkTesting.elf.dir/Drivers/STM32F3xx_HAL_Driver/Src/stm32f3xx_hal_cortex.c.obj
 .text.NVIC_EncodePriority
                0x0800038c       0x64 CMakeFiles/BlinkTesting.elf.dir/Drivers/STM32F3xx_HAL_Driver/Src/stm32f3xx_hal_cortex.c.obj
 .text.SysTick_Config
                0x080003f0       0x44 CMakeFiles/BlinkTesting.elf.dir/Drivers/STM32F3xx_HAL_Driver/Src/stm32f3xx_hal_cortex.c.obj
 .text.HAL_NVIC_SetPriorityGrouping
                0x08000434       0x16 CMakeFiles/BlinkTesting.elf.dir/Drivers/STM32F3xx_HAL_Driver/Src/stm32f3xx_hal_cortex.c.obj
                0x08000434                HAL_NVIC_SetPriorityGrouping
 .text.HAL_NVIC_SetPriority
                0x0800044a       0x38 CMakeFiles/BlinkTesting.elf.dir/Drivers/STM32F3xx_HAL_Driver/Src/stm32f3xx_hal_cortex.c.obj
                0x0800044a                HAL_NVIC_SetPriority
 .text.HAL_SYSTICK_Config
                0x08000482       0x18 CMakeFiles/BlinkTesting.elf.dir/Drivers/STM32F3xx_HAL_Driver/Src/stm32f3xx_hal_cortex.c.obj
                0x08000482                HAL_SYSTICK_Config
 *fill*         0x0800049a        0x2 
 .text.HAL_GPIO_Init
                0x0800049c      0x2ec CMakeFiles/BlinkTesting.elf.dir/Drivers/STM32F3xx_HAL_Driver/Src/stm32f3xx_hal_gpio.c.obj
                0x0800049c                HAL_GPIO_Init
 .text.HAL_GPIO_WritePin
                0x08000788       0x2e CMakeFiles/BlinkTesting.elf.dir/Drivers/STM32F3xx_HAL_Driver/Src/stm32f3xx_hal_gpio.c.obj
                0x08000788                HAL_GPIO_WritePin
 *fill*         0x080007b6        0x2 
 .text.HAL_RCC_OscConfig
                0x080007b8      0xddc CMakeFiles/BlinkTesting.elf.dir/Drivers/STM32F3xx_HAL_Driver/Src/stm32f3xx_hal_rcc.c.obj
                0x080007b8                HAL_RCC_OscConfig
 .text.HAL_RCC_ClockConfig
                0x08001594      0x2f8 CMakeFiles/BlinkTesting.elf.dir/Drivers/STM32F3xx_HAL_Driver/Src/stm32f3xx_hal_rcc.c.obj
                0x08001594                HAL_RCC_ClockConfig
 .text.HAL_RCC_GetSysClockFreq
                0x0800188c       0xd0 CMakeFiles/BlinkTesting.elf.dir/Drivers/STM32F3xx_HAL_Driver/Src/stm32f3xx_hal_rcc.c.obj
                0x0800188c                HAL_RCC_GetSysClockFreq
 .text.HAL_RCC_GetHCLKFreq
                0x0800195c       0x14 CMakeFiles/BlinkTesting.elf.dir/Drivers/STM32F3xx_HAL_Driver/Src/stm32f3xx_hal_rcc.c.obj
                0x0800195c                HAL_RCC_GetHCLKFreq
 .text.HAL_RCC_GetPCLK1Freq
                0x08001970       0x44 CMakeFiles/BlinkTesting.elf.dir/Drivers/STM32F3xx_HAL_Driver/Src/stm32f3xx_hal_rcc.c.obj
                0x08001970                HAL_RCC_GetPCLK1Freq
 .text.HAL_RCC_GetPCLK2Freq
                0x080019b4       0x44 CMakeFiles/BlinkTesting.elf.dir/Drivers/STM32F3xx_HAL_Driver/Src/stm32f3xx_hal_rcc.c.obj
                0x080019b4                HAL_RCC_GetPCLK2Freq
 .text.HAL_RCCEx_PeriphCLKConfig
                0x080019f8      0x268 CMakeFiles/BlinkTesting.elf.dir/Drivers/STM32F3xx_HAL_Driver/Src/stm32f3xx_hal_rcc_ex.c.obj
                0x080019f8                HAL_RCCEx_PeriphCLKConfig
 .text.HAL_UART_Init
                0x08001c60       0xa2 CMakeFiles/BlinkTesting.elf.dir/Drivers/STM32F3xx_HAL_Driver/Src/stm32f3xx_hal_uart.c.obj
                0x08001c60                HAL_UART_Init
 *fill*         0x08001d02        0x2 
 .text.UART_SetConfig
                0x08001d04      0x2c8 CMakeFiles/BlinkTesting.elf.dir/Drivers/STM32F3xx_HAL_Driver/Src/stm32f3xx_hal_uart.c.obj
                0x08001d04                UART_SetConfig
 .text.UART_AdvFeatureConfig
                0x08001fcc      0x142 CMakeFiles/BlinkTesting.elf.dir/Drivers/STM32F3xx_HAL_Driver/Src/stm32f3xx_hal_uart.c.obj
                0x08001fcc                UART_AdvFeatureConfig
 .text.UART_CheckIdleState
                0x0800210e       0x92 CMakeFiles/BlinkTesting.elf.dir/Drivers/STM32F3xx_HAL_Driver/Src/stm32f3xx_hal_uart.c.obj
                0x0800210e                UART_CheckIdleState
 .text.UART_WaitOnFlagUntilTimeout
                0x080021a0       0x94 CMakeFiles/BlinkTesting.elf.dir/Drivers/STM32F3xx_HAL_Driver/Src/stm32f3xx_hal_uart.c.obj
                0x080021a0                UART_WaitOnFlagUntilTimeout
 .text.main     0x08002234       0x44 CMakeFiles/BlinkTesting.elf.dir/Src/main.c.obj
                0x08002234                main
 .text.SystemClock_Config
                0x08002278       0xa6 CMakeFiles/BlinkTesting.elf.dir/Src/main.c.obj
                0x08002278                SystemClock_Config
 *fill*         0x0800231e        0x2 
 .text.MX_USART1_UART_Init
                0x08002320       0x60 CMakeFiles/BlinkTesting.elf.dir/Src/main.c.obj
 .text.MX_GPIO_Init
                0x08002380       0xc4 CMakeFiles/BlinkTesting.elf.dir/Src/main.c.obj
 .text.Error_Handler
                0x08002444        0xc CMakeFiles/BlinkTesting.elf.dir/Src/main.c.obj
                0x08002444                Error_Handler
 .text.HAL_MspInit
                0x08002450       0x44 CMakeFiles/BlinkTesting.elf.dir/Src/stm32f3xx_hal_msp.c.obj
                0x08002450                HAL_MspInit
 .text.HAL_UART_MspInit
                0x08002494       0x88 CMakeFiles/BlinkTesting.elf.dir/Src/stm32f3xx_hal_msp.c.obj
                0x08002494                HAL_UART_MspInit
 .text.NMI_Handler
                0x0800251c        0xc CMakeFiles/BlinkTesting.elf.dir/Src/stm32f3xx_it.c.obj
                0x0800251c                NMI_Handler
 .text.HardFault_Handler
                0x08002528        0x6 CMakeFiles/BlinkTesting.elf.dir/Src/stm32f3xx_it.c.obj
                0x08002528                HardFault_Handler
 .text.MemManage_Handler
                0x0800252e        0x6 CMakeFiles/BlinkTesting.elf.dir/Src/stm32f3xx_it.c.obj
                0x0800252e                MemManage_Handler
 .text.BusFault_Handler
                0x08002534        0x6 CMakeFiles/BlinkTesting.elf.dir/Src/stm32f3xx_it.c.obj
                0x08002534                BusFault_Handler
 .text.UsageFault_Handler
                0x0800253a        0x6 CMakeFiles/BlinkTesting.elf.dir/Src/stm32f3xx_it.c.obj
                0x0800253a                UsageFault_Handler
 .text.SVC_Handler
                0x08002540        0xc CMakeFiles/BlinkTesting.elf.dir/Src/stm32f3xx_it.c.obj
                0x08002540                SVC_Handler
 .text.DebugMon_Handler
                0x0800254c        0xc CMakeFiles/BlinkTesting.elf.dir/Src/stm32f3xx_it.c.obj
                0x0800254c                DebugMon_Handler
 .text.PendSV_Handler
                0x08002558        0xc CMakeFiles/BlinkTesting.elf.dir/Src/stm32f3xx_it.c.obj
                0x08002558                PendSV_Handler
 .text.SysTick_Handler
                0x08002564        0xc CMakeFiles/BlinkTesting.elf.dir/Src/stm32f3xx_it.c.obj
                0x08002564                SysTick_Handler
 .text.SystemInit
                0x08002570       0x84 CMakeFiles/BlinkTesting.elf.dir/Src/system_stm32f3xx.c.obj
                0x08002570                SystemInit
 .text.Reset_Handler
                0x080025f4       0x50 CMakeFiles/BlinkTesting.elf.dir/Startup/startup_stm32f334r8tx.s.obj
                0x080025f4                Reset_Handler
 .text.Default_Handler
                0x08002644        0x2 CMakeFiles/BlinkTesting.elf.dir/Startup/startup_stm32f334r8tx.s.obj
                0x08002644                RTC_Alarm_IRQHandler
                0x08002644                HRTIM1_Master_IRQHandler
                0x08002644                TIM1_CC_IRQHandler
                0x08002644                HRTIM1_FLT_IRQHandler
                0x08002644                PVD_IRQHandler
                0x08002644                HRTIM1_TIMD_IRQHandler
                0x08002644                TAMP_STAMP_IRQHandler
                0x08002644                EXTI3_IRQHandler
                0x08002644                EXTI0_IRQHandler
                0x08002644                FPU_IRQHandler
                0x08002644                CAN_TX_IRQHandler
                0x08002644                TIM1_UP_TIM16_IRQHandler
                0x08002644                ADC1_2_IRQHandler
                0x08002644                HRTIM1_TIME_IRQHandler
                0x08002644                SPI1_IRQHandler
                0x08002644                CAN_SCE_IRQHandler
                0x08002644                HRTIM1_TIMC_IRQHandler
                0x08002644                DMA1_Channel4_IRQHandler
                0x08002644                USART3_IRQHandler
                0x08002644                DMA1_Channel7_IRQHandler
                0x08002644                TIM7_DAC2_IRQHandler
                0x08002644                CAN_RX1_IRQHandler
                0x08002644                I2C1_EV_IRQHandler
                0x08002644                DMA1_Channel6_IRQHandler
                0x08002644                TIM3_IRQHandler
                0x08002644                RCC_IRQHandler
                0x08002644                DMA1_Channel1_IRQHandler
                0x08002644                Default_Handler
                0x08002644                EXTI15_10_IRQHandler
                0x08002644                COMP2_IRQHandler
                0x08002644                HRTIM1_TIMA_IRQHandler
                0x08002644                TIM6_DAC1_IRQHandler
                0x08002644                EXTI9_5_IRQHandler
                0x08002644                RTC_WKUP_IRQHandler
                0x08002644                DMA1_Channel5_IRQHandler
                0x08002644                EXTI4_IRQHandler
                0x08002644                HRTIM1_TIMB_IRQHandler
                0x08002644                TIM1_TRG_COM_TIM17_IRQHandler
                0x08002644                DMA1_Channel3_IRQHandler
                0x08002644                WWDG_IRQHandler
                0x08002644                TIM2_IRQHandler
                0x08002644                EXTI1_IRQHandler
                0x08002644                COMP4_6_IRQHandler
                0x08002644                USART2_IRQHandler
                0x08002644                DMA1_Channel2_IRQHandler
                0x08002644                FLASH_IRQHandler
                0x08002644                USART1_IRQHandler
                0x08002644                CAN_RX0_IRQHandler
                0x08002644                I2C1_ER_IRQHandler
                0x08002644                EXTI2_TSC_IRQHandler
                0x08002644                TIM1_BRK_TIM15_IRQHandler
 *fill*         0x08002646        0x2 
 .text.__libc_init_array
                0x08002648       0x48 c:/progra~2/gnutoo~1/92019-~1/bin/../lib/gcc/arm-none-eabi/9.2.1/../../../../arm-none-eabi/lib/thumb/v7e-m/nofp\libg.a(lib_a-init.o)
                0x08002648                __libc_init_array
 .text.memset   0x08002690       0xa0 c:/progra~2/gnutoo~1/92019-~1/bin/../lib/gcc/arm-none-eabi/9.2.1/../../../../arm-none-eabi/lib/thumb/v7e-m/nofp\libg.a(lib_a-memset.o)
                0x08002690                memset
 .text.startup.register_fini
                0x08002730       0x14 c:/progra~2/gnutoo~1/92019-~1/bin/../lib/gcc/arm-none-eabi/9.2.1/../../../../arm-none-eabi/lib/thumb/v7e-m/nofp\libg.a(lib_a-__call_atexit.o)
 .text.atexit   0x08002744        0xc c:/progra~2/gnutoo~1/92019-~1/bin/../lib/gcc/arm-none-eabi/9.2.1/../../../../arm-none-eabi/lib/thumb/v7e-m/nofp\libg.a(lib_a-atexit.o)
                0x08002744                atexit
 .text.__libc_fini_array
                0x08002750       0x2c c:/progra~2/gnutoo~1/92019-~1/bin/../lib/gcc/arm-none-eabi/9.2.1/../../../../arm-none-eabi/lib/thumb/v7e-m/nofp\libg.a(lib_a-fini.o)
                0x08002750                __libc_fini_array
 .text.__retarget_lock_acquire_recursive
                0x0800277c        0x4 c:/progra~2/gnutoo~1/92019-~1/bin/../lib/gcc/arm-none-eabi/9.2.1/../../../../arm-none-eabi/lib/thumb/v7e-m/nofp\libg.a(lib_a-lock.o)
                0x0800277c                __retarget_lock_acquire_recursive
 .text.__retarget_lock_release_recursive
                0x08002780        0x4 c:/progra~2/gnutoo~1/92019-~1/bin/../lib/gcc/arm-none-eabi/9.2.1/../../../../arm-none-eabi/lib/thumb/v7e-m/nofp\libg.a(lib_a-lock.o)
                0x08002780                __retarget_lock_release_recursive
 .text.__register_exitproc
                0x08002784       0x8c c:/progra~2/gnutoo~1/92019-~1/bin/../lib/gcc/arm-none-eabi/9.2.1/../../../../arm-none-eabi/lib/thumb/v7e-m/nofp\libg.a(lib_a-__atexit.o)
                0x08002784                __register_exitproc
 *(.glue_7)
 .glue_7        0x08002810        0x0 linker stubs
 *(.glue_7t)
 .glue_7t       0x08002810        0x0 linker stubs
 *(.eh_frame)
 .eh_frame      0x08002810        0x0 c:/progra~2/gnutoo~1/92019-~1/bin/../lib/gcc/arm-none-eabi/9.2.1/thumb/v7e-m/nofp/crtbegin.o
 *(.init)
 .init          0x08002810        0x4 c:/progra~2/gnutoo~1/92019-~1/bin/../lib/gcc/arm-none-eabi/9.2.1/thumb/v7e-m/nofp/crti.o
                0x08002810                _init
 .init          0x08002814        0x8 c:/progra~2/gnutoo~1/92019-~1/bin/../lib/gcc/arm-none-eabi/9.2.1/thumb/v7e-m/nofp/crtn.o
 *(.fini)
 .fini          0x0800281c        0x4 c:/progra~2/gnutoo~1/92019-~1/bin/../lib/gcc/arm-none-eabi/9.2.1/thumb/v7e-m/nofp/crti.o
                0x0800281c                _fini
 .fini          0x08002820        0x8 c:/progra~2/gnutoo~1/92019-~1/bin/../lib/gcc/arm-none-eabi/9.2.1/thumb/v7e-m/nofp/crtn.o
                0x08002828                . = ALIGN (0x4)
                0x08002828                _etext = .

.vfp11_veneer   0x08002828        0x0
 .vfp11_veneer  0x08002828        0x0 linker stubs

.v4_bx          0x08002828        0x0
 .v4_bx         0x08002828        0x0 linker stubs

.iplt           0x08002828        0x0
 .iplt          0x08002828        0x0 c:/progra~2/gnutoo~1/92019-~1/bin/../lib/gcc/arm-none-eabi/9.2.1/thumb/v7e-m/nofp/crtbegin.o

.rodata         0x08002828       0x3c
                0x08002828                . = ALIGN (0x4)
 *(.rodata)
 *(.rodata*)
 .rodata.aPLLMULFactorTable
                0x08002828       0x10 CMakeFiles/BlinkTesting.elf.dir/Drivers/STM32F3xx_HAL_Driver/Src/stm32f3xx_hal_rcc.c.obj
                0x08002828                aPLLMULFactorTable
 .rodata.aPredivFactorTable
                0x08002838       0x10 CMakeFiles/BlinkTesting.elf.dir/Drivers/STM32F3xx_HAL_Driver/Src/stm32f3xx_hal_rcc.c.obj
                0x08002838                aPredivFactorTable
 .rodata.AHBPrescTable
                0x08002848       0x10 CMakeFiles/BlinkTesting.elf.dir/Src/system_stm32f3xx.c.obj
                0x08002848                AHBPrescTable
 .rodata.APBPrescTable
                0x08002858        0x8 CMakeFiles/BlinkTesting.elf.dir/Src/system_stm32f3xx.c.obj
                0x08002858                APBPrescTable
 .rodata._global_impure_ptr
                0x08002860        0x4 c:/progra~2/gnutoo~1/92019-~1/bin/../lib/gcc/arm-none-eabi/9.2.1/../../../../arm-none-eabi/lib/thumb/v7e-m/nofp\libg.a(lib_a-impure.o)
                0x08002860                _global_impure_ptr
                0x08002864                . = ALIGN (0x4)

.rel.dyn        0x08002864        0x0
 .rel.iplt      0x08002864        0x0 c:/progra~2/gnutoo~1/92019-~1/bin/../lib/gcc/arm-none-eabi/9.2.1/thumb/v7e-m/nofp/crtbegin.o

.ARM.extab      0x08002864        0x0
                0x08002864                . = ALIGN (0x4)
 *(.ARM.extab* .gnu.linkonce.armextab.*)
                0x08002864                . = ALIGN (0x4)

.ARM            0x08002864        0x0
                0x08002864                . = ALIGN (0x4)
                0x08002864                __exidx_start = .
 *(.ARM.exidx*)
                0x08002864                __exidx_end = .
                0x08002864                . = ALIGN (0x4)

.preinit_array  0x08002864        0x0
                0x08002864                . = ALIGN (0x4)
                0x08002864                PROVIDE (__preinit_array_start = .)
 *(.preinit_array*)
                0x08002864                PROVIDE (__preinit_array_end = .)
                0x08002864                . = ALIGN (0x4)

.init_array     0x08002864        0x8
                0x08002864                . = ALIGN (0x4)
                0x08002864                PROVIDE (__init_array_start = .)
 *(SORT_BY_NAME(.init_array.*))
 .init_array.00000
                0x08002864        0x4 c:/progra~2/gnutoo~1/92019-~1/bin/../lib/gcc/arm-none-eabi/9.2.1/../../../../arm-none-eabi/lib/thumb/v7e-m/nofp\libg.a(lib_a-__call_atexit.o)
 *(.init_array*)
 .init_array    0x08002868        0x4 c:/progra~2/gnutoo~1/92019-~1/bin/../lib/gcc/arm-none-eabi/9.2.1/thumb/v7e-m/nofp/crtbegin.o
                0x0800286c                PROVIDE (__init_array_end = .)
                0x0800286c                . = ALIGN (0x4)

.fini_array     0x0800286c        0x4
                0x0800286c                . = ALIGN (0x4)
                0x0800286c                PROVIDE (__fini_array_start = .)
 *(SORT_BY_NAME(.fini_array.*))
 *(.fini_array*)
 .fini_array    0x0800286c        0x4 c:/progra~2/gnutoo~1/92019-~1/bin/../lib/gcc/arm-none-eabi/9.2.1/thumb/v7e-m/nofp/crtbegin.o
                0x08002870                PROVIDE (__fini_array_end = .)
                0x08002870                . = ALIGN (0x4)
                0x08002870                _sidata = LOADADDR (.data)

.data           0x20000000      0x43c load address 0x08002870
                0x20000000                . = ALIGN (0x4)
                0x20000000                _sdata = .
 *(.data)
 *(.data*)
 .data.uwTickPrio
                0x20000000        0x4 CMakeFiles/BlinkTesting.elf.dir/Drivers/STM32F3xx_HAL_Driver/Src/stm32f3xx_hal.c.obj
                0x20000000                uwTickPrio
 .data.uwTickFreq
                0x20000004        0x1 CMakeFiles/BlinkTesting.elf.dir/Drivers/STM32F3xx_HAL_Driver/Src/stm32f3xx_hal.c.obj
                0x20000004                uwTickFreq
 *fill*         0x20000005        0x3 
 .data.SystemCoreClock
                0x20000008        0x4 CMakeFiles/BlinkTesting.elf.dir/Src/system_stm32f3xx.c.obj
                0x20000008                SystemCoreClock
 *fill*         0x2000000c        0x4 
 .data.impure_data
                0x20000010      0x428 c:/progra~2/gnutoo~1/92019-~1/bin/../lib/gcc/arm-none-eabi/9.2.1/../../../../arm-none-eabi/lib/thumb/v7e-m/nofp\libg.a(lib_a-impure.o)
 .data.__atexit_recursive_mutex
                0x20000438        0x4 c:/progra~2/gnutoo~1/92019-~1/bin/../lib/gcc/arm-none-eabi/9.2.1/../../../../arm-none-eabi/lib/thumb/v7e-m/nofp\libg.a(lib_a-__call_atexit.o)
                0x20000438                __atexit_recursive_mutex
                0x2000043c                . = ALIGN (0x4)
                0x2000043c                _edata = .

.igot.plt       0x2000043c        0x0 load address 0x08002cac
 .igot.plt      0x2000043c        0x0 c:/progra~2/gnutoo~1/92019-~1/bin/../lib/gcc/arm-none-eabi/9.2.1/thumb/v7e-m/nofp/crtbegin.o
                0x2000043c                . = ALIGN (0x4)

.bss            0x2000043c       0xb4 load address 0x08002cac
                0x2000043c                _sbss = .
                0x2000043c                __bss_start__ = _sbss
 *(.bss)
 .bss           0x2000043c       0x1c c:/progra~2/gnutoo~1/92019-~1/bin/../lib/gcc/arm-none-eabi/9.2.1/thumb/v7e-m/nofp/crtbegin.o
 *(.bss*)
 .bss.uwTick    0x20000458        0x4 CMakeFiles/BlinkTesting.elf.dir/Drivers/STM32F3xx_HAL_Driver/Src/stm32f3xx_hal.c.obj
                0x20000458                uwTick
 .bss.huart1    0x2000045c       0x70 CMakeFiles/BlinkTesting.elf.dir/Src/main.c.obj
                0x2000045c                huart1
 *(COMMON)
 COMMON         0x200004cc       0x21 c:/progra~2/gnutoo~1/92019-~1/bin/../lib/gcc/arm-none-eabi/9.2.1/../../../../arm-none-eabi/lib/thumb/v7e-m/nofp\libg.a(lib_a-lock.o)
                0x200004cc                __lock___atexit_recursive_mutex
                0x200004d0                __lock___arc4random_mutex
                0x200004d4                __lock___env_recursive_mutex
                0x200004d8                __lock___sinit_recursive_mutex
                0x200004dc                __lock___malloc_recursive_mutex
                0x200004e0                __lock___at_quick_exit_mutex
                0x200004e4                __lock___dd_hash_mutex
                0x200004e8                __lock___tz_mutex
                0x200004ec                __lock___sfp_recursive_mutex
                0x200004f0                . = ALIGN (0x4)
 *fill*         0x200004ed        0x3 
                0x200004f0                _ebss = .
                0x200004f0                __bss_end__ = _ebss

._user_heap_stack
                0x200004f0      0x600 load address 0x08002cac
                0x200004f0                . = ALIGN (0x8)
                0x200004f0                PROVIDE (end = .)
                [!provide]                PROVIDE (_end = .)
                0x200006f0                . = (. + _Min_Heap_Size)
 *fill*         0x200004f0      0x200 
                0x20000af0                . = (. + _Min_Stack_Size)
 *fill*         0x200006f0      0x400 
                0x20000af0                . = ALIGN (0x8)

/DISCARD/
 libc.a(*)
 libm.a(*)
 libgcc.a(*)

.ARM.attributes
                0x00000000       0x2a
 *(.ARM.attributes)
 .ARM.attributes
                0x00000000       0x1e c:/progra~2/gnutoo~1/92019-~1/bin/../lib/gcc/arm-none-eabi/9.2.1/thumb/v7e-m/nofp/crti.o
 .ARM.attributes
                0x0000001e       0x2e c:/progra~2/gnutoo~1/92019-~1/bin/../lib/gcc/arm-none-eabi/9.2.1/thumb/v7e-m/nofp/crtbegin.o
 .ARM.attributes
                0x0000004c       0x2e CMakeFiles/BlinkTesting.elf.dir/Drivers/STM32F3xx_HAL_Driver/Src/stm32f3xx_hal.c.obj
 .ARM.attributes
                0x0000007a       0x2e CMakeFiles/BlinkTesting.elf.dir/Drivers/STM32F3xx_HAL_Driver/Src/stm32f3xx_hal_cortex.c.obj
 .ARM.attributes
                0x000000a8       0x2e CMakeFiles/BlinkTesting.elf.dir/Drivers/STM32F3xx_HAL_Driver/Src/stm32f3xx_hal_gpio.c.obj
 .ARM.attributes
                0x000000d6       0x2e CMakeFiles/BlinkTesting.elf.dir/Drivers/STM32F3xx_HAL_Driver/Src/stm32f3xx_hal_rcc.c.obj
 .ARM.attributes
                0x00000104       0x2e CMakeFiles/BlinkTesting.elf.dir/Drivers/STM32F3xx_HAL_Driver/Src/stm32f3xx_hal_rcc_ex.c.obj
 .ARM.attributes
                0x00000132       0x2e CMakeFiles/BlinkTesting.elf.dir/Drivers/STM32F3xx_HAL_Driver/Src/stm32f3xx_hal_uart.c.obj
 .ARM.attributes
                0x00000160       0x2e CMakeFiles/BlinkTesting.elf.dir/Src/main.c.obj
 .ARM.attributes
                0x0000018e       0x2e CMakeFiles/BlinkTesting.elf.dir/Src/stm32f3xx_hal_msp.c.obj
 .ARM.attributes
                0x000001bc       0x2e CMakeFiles/BlinkTesting.elf.dir/Src/stm32f3xx_it.c.obj
 .ARM.attributes
                0x000001ea       0x2e CMakeFiles/BlinkTesting.elf.dir/Src/system_stm32f3xx.c.obj
 .ARM.attributes
                0x00000218       0x21 CMakeFiles/BlinkTesting.elf.dir/Startup/startup_stm32f334r8tx.s.obj
 .ARM.attributes
                0x00000239       0x2e c:/progra~2/gnutoo~1/92019-~1/bin/../lib/gcc/arm-none-eabi/9.2.1/../../../../arm-none-eabi/lib/thumb/v7e-m/nofp\libg.a(lib_a-impure.o)
 .ARM.attributes
                0x00000267       0x2e c:/progra~2/gnutoo~1/92019-~1/bin/../lib/gcc/arm-none-eabi/9.2.1/../../../../arm-none-eabi/lib/thumb/v7e-m/nofp\libg.a(lib_a-init.o)
 .ARM.attributes
                0x00000295       0x2e c:/progra~2/gnutoo~1/92019-~1/bin/../lib/gcc/arm-none-eabi/9.2.1/../../../../arm-none-eabi/lib/thumb/v7e-m/nofp\libg.a(lib_a-memset.o)
 .ARM.attributes
                0x000002c3       0x2e c:/progra~2/gnutoo~1/92019-~1/bin/../lib/gcc/arm-none-eabi/9.2.1/../../../../arm-none-eabi/lib/thumb/v7e-m/nofp\libg.a(lib_a-__call_atexit.o)
 .ARM.attributes
                0x000002f1       0x2e c:/progra~2/gnutoo~1/92019-~1/bin/../lib/gcc/arm-none-eabi/9.2.1/../../../../arm-none-eabi/lib/thumb/v7e-m/nofp\libg.a(lib_a-atexit.o)
 .ARM.attributes
                0x0000031f       0x2e c:/progra~2/gnutoo~1/92019-~1/bin/../lib/gcc/arm-none-eabi/9.2.1/../../../../arm-none-eabi/lib/thumb/v7e-m/nofp\libg.a(lib_a-fini.o)
 .ARM.attributes
                0x0000034d       0x2e c:/progra~2/gnutoo~1/92019-~1/bin/../lib/gcc/arm-none-eabi/9.2.1/../../../../arm-none-eabi/lib/thumb/v7e-m/nofp\libg.a(lib_a-lock.o)
 .ARM.attributes
                0x0000037b       0x2e c:/progra~2/gnutoo~1/92019-~1/bin/../lib/gcc/arm-none-eabi/9.2.1/../../../../arm-none-eabi/lib/thumb/v7e-m/nofp\libg.a(lib_a-__atexit.o)
 .ARM.attributes
                0x000003a9       0x1e c:/progra~2/gnutoo~1/92019-~1/bin/../lib/gcc/arm-none-eabi/9.2.1/thumb/v7e-m/nofp/crtn.o
OUTPUT(BlinkTesting.elf elf32-littlearm)

.debug_info     0x00000000     0xbfcb
 .debug_info    0x00000000     0x1064 CMakeFiles/BlinkTesting.elf.dir/Drivers/STM32F3xx_HAL_Driver/Src/stm32f3xx_hal.c.obj
 .debug_info    0x00001064     0x1492 CMakeFiles/BlinkTesting.elf.dir/Drivers/STM32F3xx_HAL_Driver/Src/stm32f3xx_hal_cortex.c.obj
 .debug_info    0x000024f6     0x10e0 CMakeFiles/BlinkTesting.elf.dir/Drivers/STM32F3xx_HAL_Driver/Src/stm32f3xx_hal_gpio.c.obj
 .debug_info    0x000035d6     0x1e25 CMakeFiles/BlinkTesting.elf.dir/Drivers/STM32F3xx_HAL_Driver/Src/stm32f3xx_hal_rcc.c.obj
 .debug_info    0x000053fb      0xebe CMakeFiles/BlinkTesting.elf.dir/Drivers/STM32F3xx_HAL_Driver/Src/stm32f3xx_hal_rcc_ex.c.obj
 .debug_info    0x000062b9     0x1e58 CMakeFiles/BlinkTesting.elf.dir/Drivers/STM32F3xx_HAL_Driver/Src/stm32f3xx_hal_uart.c.obj
 .debug_info    0x00008111     0x145d CMakeFiles/BlinkTesting.elf.dir/Src/main.c.obj
 .debug_info    0x0000956e     0x124e CMakeFiles/BlinkTesting.elf.dir/Src/stm32f3xx_hal_msp.c.obj
 .debug_info    0x0000a7bc      0xabc CMakeFiles/BlinkTesting.elf.dir/Src/stm32f3xx_it.c.obj
 .debug_info    0x0000b278      0xd31 CMakeFiles/BlinkTesting.elf.dir/Src/system_stm32f3xx.c.obj
 .debug_info    0x0000bfa9       0x22 CMakeFiles/BlinkTesting.elf.dir/Startup/startup_stm32f334r8tx.s.obj

.debug_abbrev   0x00000000     0x1c85
 .debug_abbrev  0x00000000      0x2f8 CMakeFiles/BlinkTesting.elf.dir/Drivers/STM32F3xx_HAL_Driver/Src/stm32f3xx_hal.c.obj
 .debug_abbrev  0x000002f8      0x3af CMakeFiles/BlinkTesting.elf.dir/Drivers/STM32F3xx_HAL_Driver/Src/stm32f3xx_hal_cortex.c.obj
 .debug_abbrev  0x000006a7      0x2c2 CMakeFiles/BlinkTesting.elf.dir/Drivers/STM32F3xx_HAL_Driver/Src/stm32f3xx_hal_gpio.c.obj
 .debug_abbrev  0x00000969      0x395 CMakeFiles/BlinkTesting.elf.dir/Drivers/STM32F3xx_HAL_Driver/Src/stm32f3xx_hal_rcc.c.obj
 .debug_abbrev  0x00000cfe      0x336 CMakeFiles/BlinkTesting.elf.dir/Drivers/STM32F3xx_HAL_Driver/Src/stm32f3xx_hal_rcc_ex.c.obj
 .debug_abbrev  0x00001034      0x2e9 CMakeFiles/BlinkTesting.elf.dir/Drivers/STM32F3xx_HAL_Driver/Src/stm32f3xx_hal_uart.c.obj
 .debug_abbrev  0x0000131d      0x2a5 CMakeFiles/BlinkTesting.elf.dir/Src/main.c.obj
 .debug_abbrev  0x000015c2      0x255 CMakeFiles/BlinkTesting.elf.dir/Src/stm32f3xx_hal_msp.c.obj
 .debug_abbrev  0x00001817      0x20c CMakeFiles/BlinkTesting.elf.dir/Src/stm32f3xx_it.c.obj
 .debug_abbrev  0x00001a23      0x250 CMakeFiles/BlinkTesting.elf.dir/Src/system_stm32f3xx.c.obj
 .debug_abbrev  0x00001c73       0x12 CMakeFiles/BlinkTesting.elf.dir/Startup/startup_stm32f334r8tx.s.obj

.debug_aranges  0x00000000      0x608
 .debug_aranges
                0x00000000       0xe0 CMakeFiles/BlinkTesting.elf.dir/Drivers/STM32F3xx_HAL_Driver/Src/stm32f3xx_hal.c.obj
 .debug_aranges
                0x000000e0      0x100 CMakeFiles/BlinkTesting.elf.dir/Drivers/STM32F3xx_HAL_Driver/Src/stm32f3xx_hal_cortex.c.obj
 .debug_aranges
                0x000001e0       0x58 CMakeFiles/BlinkTesting.elf.dir/Drivers/STM32F3xx_HAL_Driver/Src/stm32f3xx_hal_gpio.c.obj
 .debug_aranges
                0x00000238       0x88 CMakeFiles/BlinkTesting.elf.dir/Drivers/STM32F3xx_HAL_Driver/Src/stm32f3xx_hal_rcc.c.obj
 .debug_aranges
                0x000002c0       0x38 CMakeFiles/BlinkTesting.elf.dir/Drivers/STM32F3xx_HAL_Driver/Src/stm32f3xx_hal_rcc_ex.c.obj
 .debug_aranges
                0x000002f8      0x1f0 CMakeFiles/BlinkTesting.elf.dir/Drivers/STM32F3xx_HAL_Driver/Src/stm32f3xx_hal_uart.c.obj
 .debug_aranges
                0x000004e8       0x40 CMakeFiles/BlinkTesting.elf.dir/Src/main.c.obj
 .debug_aranges
                0x00000528       0x30 CMakeFiles/BlinkTesting.elf.dir/Src/stm32f3xx_hal_msp.c.obj
 .debug_aranges
                0x00000558       0x60 CMakeFiles/BlinkTesting.elf.dir/Src/stm32f3xx_it.c.obj
 .debug_aranges
                0x000005b8       0x28 CMakeFiles/BlinkTesting.elf.dir/Src/system_stm32f3xx.c.obj
 .debug_aranges
                0x000005e0       0x28 CMakeFiles/BlinkTesting.elf.dir/Startup/startup_stm32f334r8tx.s.obj

.debug_ranges   0x00000000      0x560
 .debug_ranges  0x00000000       0xd0 CMakeFiles/BlinkTesting.elf.dir/Drivers/STM32F3xx_HAL_Driver/Src/stm32f3xx_hal.c.obj
 .debug_ranges  0x000000d0       0xf0 CMakeFiles/BlinkTesting.elf.dir/Drivers/STM32F3xx_HAL_Driver/Src/stm32f3xx_hal_cortex.c.obj
 .debug_ranges  0x000001c0       0x48 CMakeFiles/BlinkTesting.elf.dir/Drivers/STM32F3xx_HAL_Driver/Src/stm32f3xx_hal_gpio.c.obj
 .debug_ranges  0x00000208       0x78 CMakeFiles/BlinkTesting.elf.dir/Drivers/STM32F3xx_HAL_Driver/Src/stm32f3xx_hal_rcc.c.obj
 .debug_ranges  0x00000280       0x28 CMakeFiles/BlinkTesting.elf.dir/Drivers/STM32F3xx_HAL_Driver/Src/stm32f3xx_hal_rcc_ex.c.obj
 .debug_ranges  0x000002a8      0x1e0 CMakeFiles/BlinkTesting.elf.dir/Drivers/STM32F3xx_HAL_Driver/Src/stm32f3xx_hal_uart.c.obj
 .debug_ranges  0x00000488       0x30 CMakeFiles/BlinkTesting.elf.dir/Src/main.c.obj
 .debug_ranges  0x000004b8       0x20 CMakeFiles/BlinkTesting.elf.dir/Src/stm32f3xx_hal_msp.c.obj
 .debug_ranges  0x000004d8       0x50 CMakeFiles/BlinkTesting.elf.dir/Src/stm32f3xx_it.c.obj
 .debug_ranges  0x00000528       0x18 CMakeFiles/BlinkTesting.elf.dir/Src/system_stm32f3xx.c.obj
 .debug_ranges  0x00000540       0x20 CMakeFiles/BlinkTesting.elf.dir/Startup/startup_stm32f334r8tx.s.obj

.debug_line     0x00000000     0x51d6
 .debug_line    0x00000000      0x5da CMakeFiles/BlinkTesting.elf.dir/Drivers/STM32F3xx_HAL_Driver/Src/stm32f3xx_hal.c.obj
 .debug_line    0x000005da      0x7a8 CMakeFiles/BlinkTesting.elf.dir/Drivers/STM32F3xx_HAL_Driver/Src/stm32f3xx_hal_cortex.c.obj
 .debug_line    0x00000d82      0x751 CMakeFiles/BlinkTesting.elf.dir/Drivers/STM32F3xx_HAL_Driver/Src/stm32f3xx_hal_gpio.c.obj
 .debug_line    0x000014d3      0xfc7 CMakeFiles/BlinkTesting.elf.dir/Drivers/STM32F3xx_HAL_Driver/Src/stm32f3xx_hal_rcc.c.obj
 .debug_line    0x0000249a      0x705 CMakeFiles/BlinkTesting.elf.dir/Drivers/STM32F3xx_HAL_Driver/Src/stm32f3xx_hal_rcc_ex.c.obj
 .debug_line    0x00002b9f     0x15d0 CMakeFiles/BlinkTesting.elf.dir/Drivers/STM32F3xx_HAL_Driver/Src/stm32f3xx_hal_uart.c.obj
 .debug_line    0x0000416f      0x490 CMakeFiles/BlinkTesting.elf.dir/Src/main.c.obj
 .debug_line    0x000045ff      0x3bd CMakeFiles/BlinkTesting.elf.dir/Src/stm32f3xx_hal_msp.c.obj
 .debug_line    0x000049bc      0x3ab CMakeFiles/BlinkTesting.elf.dir/Src/stm32f3xx_it.c.obj
 .debug_line    0x00004d67      0x3ac CMakeFiles/BlinkTesting.elf.dir/Src/system_stm32f3xx.c.obj
 .debug_line    0x00005113       0xc3 CMakeFiles/BlinkTesting.elf.dir/Startup/startup_stm32f334r8tx.s.obj

.debug_str      0x00000000     0x25d2
 .debug_str     0x00000000      0xcb6 CMakeFiles/BlinkTesting.elf.dir/Drivers/STM32F3xx_HAL_Driver/Src/stm32f3xx_hal.c.obj
                                0xd3e (size before relaxing)
 .debug_str     0x00000cb6      0x368 CMakeFiles/BlinkTesting.elf.dir/Drivers/STM32F3xx_HAL_Driver/Src/stm32f3xx_hal_cortex.c.obj
                                0xe74 (size before relaxing)
 .debug_str     0x0000101e      0x284 CMakeFiles/BlinkTesting.elf.dir/Drivers/STM32F3xx_HAL_Driver/Src/stm32f3xx_hal_gpio.c.obj
                                0x9f4 (size before relaxing)
 .debug_str     0x000012a2      0x357 CMakeFiles/BlinkTesting.elf.dir/Drivers/STM32F3xx_HAL_Driver/Src/stm32f3xx_hal_rcc.c.obj
                                0xb3a (size before relaxing)
 .debug_str     0x000015f9      0x1d6 CMakeFiles/BlinkTesting.elf.dir/Drivers/STM32F3xx_HAL_Driver/Src/stm32f3xx_hal_rcc_ex.c.obj
                                0x97a (size before relaxing)
 .debug_str     0x000017cf      0xb0b CMakeFiles/BlinkTesting.elf.dir/Drivers/STM32F3xx_HAL_Driver/Src/stm32f3xx_hal_uart.c.obj
                               0x12de (size before relaxing)
 .debug_str     0x000022da       0xae CMakeFiles/BlinkTesting.elf.dir/Src/main.c.obj
                                0xe61 (size before relaxing)
 .debug_str     0x00002388       0x5d CMakeFiles/BlinkTesting.elf.dir/Src/stm32f3xx_hal_msp.c.obj
                                0xc52 (size before relaxing)
 .debug_str     0x000023e5       0xe8 CMakeFiles/BlinkTesting.elf.dir/Src/stm32f3xx_it.c.obj
                                0x779 (size before relaxing)
 .debug_str     0x000024cd       0x92 CMakeFiles/BlinkTesting.elf.dir/Src/system_stm32f3xx.c.obj
                                0x7de (size before relaxing)
 .debug_str     0x0000255f       0x73 CMakeFiles/BlinkTesting.elf.dir/Startup/startup_stm32f334r8tx.s.obj
                                 0xca (size before relaxing)

.comment        0x00000000       0x79
 .comment       0x00000000       0x79 CMakeFiles/BlinkTesting.elf.dir/Drivers/STM32F3xx_HAL_Driver/Src/stm32f3xx_hal.c.obj
                                 0x7a (size before relaxing)
 .comment       0x00000079       0x7a CMakeFiles/BlinkTesting.elf.dir/Drivers/STM32F3xx_HAL_Driver/Src/stm32f3xx_hal_cortex.c.obj
 .comment       0x00000079       0x7a CMakeFiles/BlinkTesting.elf.dir/Drivers/STM32F3xx_HAL_Driver/Src/stm32f3xx_hal_gpio.c.obj
 .comment       0x00000079       0x7a CMakeFiles/BlinkTesting.elf.dir/Drivers/STM32F3xx_HAL_Driver/Src/stm32f3xx_hal_rcc.c.obj
 .comment       0x00000079       0x7a CMakeFiles/BlinkTesting.elf.dir/Drivers/STM32F3xx_HAL_Driver/Src/stm32f3xx_hal_rcc_ex.c.obj
 .comment       0x00000079       0x7a CMakeFiles/BlinkTesting.elf.dir/Drivers/STM32F3xx_HAL_Driver/Src/stm32f3xx_hal_uart.c.obj
 .comment       0x00000079       0x7a CMakeFiles/BlinkTesting.elf.dir/Src/main.c.obj
 .comment       0x00000079       0x7a CMakeFiles/BlinkTesting.elf.dir/Src/stm32f3xx_hal_msp.c.obj
 .comment       0x00000079       0x7a CMakeFiles/BlinkTesting.elf.dir/Src/stm32f3xx_it.c.obj
 .comment       0x00000079       0x7a CMakeFiles/BlinkTesting.elf.dir/Src/system_stm32f3xx.c.obj

.debug_frame    0x00000000     0x18d4
 .debug_frame   0x00000000      0x334 CMakeFiles/BlinkTesting.elf.dir/Drivers/STM32F3xx_HAL_Driver/Src/stm32f3xx_hal.c.obj
 .debug_frame   0x00000334      0x428 CMakeFiles/BlinkTesting.elf.dir/Drivers/STM32F3xx_HAL_Driver/Src/stm32f3xx_hal_cortex.c.obj
 .debug_frame   0x0000075c      0x14c CMakeFiles/BlinkTesting.elf.dir/Drivers/STM32F3xx_HAL_Driver/Src/stm32f3xx_hal_gpio.c.obj
 .debug_frame   0x000008a8      0x214 CMakeFiles/BlinkTesting.elf.dir/Drivers/STM32F3xx_HAL_Driver/Src/stm32f3xx_hal_rcc.c.obj
 .debug_frame   0x00000abc       0xb4 CMakeFiles/BlinkTesting.elf.dir/Drivers/STM32F3xx_HAL_Driver/Src/stm32f3xx_hal_rcc_ex.c.obj
 .debug_frame   0x00000b70      0x8d8 CMakeFiles/BlinkTesting.elf.dir/Drivers/STM32F3xx_HAL_Driver/Src/stm32f3xx_hal_uart.c.obj
 .debug_frame   0x00001448       0xb0 CMakeFiles/BlinkTesting.elf.dir/Src/main.c.obj
 .debug_frame   0x000014f8       0x80 CMakeFiles/BlinkTesting.elf.dir/Src/stm32f3xx_hal_msp.c.obj
 .debug_frame   0x00001578      0x10c CMakeFiles/BlinkTesting.elf.dir/Src/stm32f3xx_it.c.obj
 .debug_frame   0x00001684       0x58 CMakeFiles/BlinkTesting.elf.dir/Src/system_stm32f3xx.c.obj
 .debug_frame   0x000016dc       0x2c c:/progra~2/gnutoo~1/92019-~1/bin/../lib/gcc/arm-none-eabi/9.2.1/../../../../arm-none-eabi/lib/thumb/v7e-m/nofp\libg.a(lib_a-init.o)
 .debug_frame   0x00001708       0x38 c:/progra~2/gnutoo~1/92019-~1/bin/../lib/gcc/arm-none-eabi/9.2.1/../../../../arm-none-eabi/lib/thumb/v7e-m/nofp\libg.a(lib_a-memset.o)
 .debug_frame   0x00001740       0x5c c:/progra~2/gnutoo~1/92019-~1/bin/../lib/gcc/arm-none-eabi/9.2.1/../../../../arm-none-eabi/lib/thumb/v7e-m/nofp\libg.a(lib_a-__call_atexit.o)
 .debug_frame   0x0000179c       0x20 c:/progra~2/gnutoo~1/92019-~1/bin/../lib/gcc/arm-none-eabi/9.2.1/../../../../arm-none-eabi/lib/thumb/v7e-m/nofp\libg.a(lib_a-atexit.o)
 .debug_frame   0x000017bc       0x34 c:/progra~2/gnutoo~1/92019-~1/bin/../lib/gcc/arm-none-eabi/9.2.1/../../../../arm-none-eabi/lib/thumb/v7e-m/nofp\libg.a(lib_a-fini.o)
 .debug_frame   0x000017f0       0xb0 c:/progra~2/gnutoo~1/92019-~1/bin/../lib/gcc/arm-none-eabi/9.2.1/../../../../arm-none-eabi/lib/thumb/v7e-m/nofp\libg.a(lib_a-lock.o)
 .debug_frame   0x000018a0       0x34 c:/progra~2/gnutoo~1/92019-~1/bin/../lib/gcc/arm-none-eabi/9.2.1/../../../../arm-none-eabi/lib/thumb/v7e-m/nofp\libg.a(lib_a-__atexit.o)
